2026-06-26 15:29:58,551|INFO|Uploaded: rag-prompt.pdf
2026-06-26 15:30:35,298|INFO|Uploaded: student_mark.pdf
2026-06-26 15:31:29,811|WARNING|Rejected upload: UHV lec slides (1-28)_merged (1).pdf
2026-06-27 16:16:59,776|INFO|Uploaded: rag-prompt_20260627_161659.pdf
2026-06-27 16:18:06,090|INFO|Uploaded: Student_Result_GridData_CreditWise_export_1780313424612_20260627_161806.xlsx
2026-07-01 01:08:22,808|INFO|No device provided, using cpu
2026-07-01 01:08:23,524|INFO|HTTP Request: HEAD https://huggingface.co/sentence-transformers/all-MiniLM-L6-v2/resolve/main/modules.json "HTTP/1.1 307 Temporary Redirect"
2026-07-01 01:08:23,536|INFO|HTTP Request: HEAD https://huggingface.co/api/resolve-cache/models/sentence-transformers/all-MiniLM-L6-v2/1110a243fdf4706b3f48f1d95db1a4f5529b4d41/modules.json "HTTP/1.1 200 OK"
2026-07-01 01:08:23,769|INFO|HTTP Request: HEAD https://huggingface.co/sentence-transformers/all-MiniLM-L6-v2/resolve/main/config_sentence_transformers.json "HTTP/1.1 307 Temporary Redirect"
2026-07-01 01:08:23,770|WARNING|Warning: You are sending unauthenticated requests to the HF Hub. Please set a HF_TOKEN to enable higher rate limits and faster downloads.
2026-07-01 01:08:23,781|INFO|HTTP Request: HEAD https://huggingface.co/api/resolve-cache/models/sentence-transformers/all-MiniLM-L6-v2/1110a243fdf4706b3f48f1d95db1a4f5529b4d41/config_sentence_transformers.json "HTTP/1.1 200 OK"
2026-07-01 01:08:23,792|INFO|Loading SentenceTransformer model from sentence-transformers/all-MiniLM-L6-v2.
2026-07-01 01:08:24,027|INFO|HTTP Request: HEAD https://huggingface.co/sentence-transformers/all-MiniLM-L6-v2/resolve/main/config_sentence_transformers.json "HTTP/1.1 307 Temporary Redirect"
2026-07-01 01:08:24,040|INFO|HTTP Request: HEAD https://huggingface.co/api/resolve-cache/models/sentence-transformers/all-MiniLM-L6-v2/1110a243fdf4706b3f48f1d95db1a4f5529b4d41/config_sentence_transformers.json "HTTP/1.1 200 OK"
2026-07-01 01:08:24,273|INFO|HTTP Request: HEAD https://huggingface.co/sentence-transformers/all-MiniLM-L6-v2/resolve/main/README.md "HTTP/1.1 307 Temporary Redirect"
2026-07-01 01:08:24,287|INFO|HTTP Request: HEAD https://huggingface.co/api/resolve-cache/models/sentence-transformers/all-MiniLM-L6-v2/1110a243fdf4706b3f48f1d95db1a4f5529b4d41/README.md "HTTP/1.1 200 OK"
2026-07-01 01:08:24,528|INFO|HTTP Request: HEAD https://huggingface.co/sentence-transformers/all-MiniLM-L6-v2/resolve/main/modules.json "HTTP/1.1 307 Temporary Redirect"
2026-07-01 01:08:24,546|INFO|HTTP Request: HEAD https://huggingface.co/api/resolve-cache/models/sentence-transformers/all-MiniLM-L6-v2/1110a243fdf4706b3f48f1d95db1a4f5529b4d41/modules.json "HTTP/1.1 200 OK"
2026-07-01 01:08:24,786|INFO|HTTP Request: HEAD https://huggingface.co/sentence-transformers/all-MiniLM-L6-v2/resolve/main/sentence_bert_config.json "HTTP/1.1 307 Temporary Redirect"
2026-07-01 01:08:24,828|INFO|HTTP Request: HEAD https://huggingface.co/api/resolve-cache/models/sentence-transformers/all-MiniLM-L6-v2/1110a243fdf4706b3f48f1d95db1a4f5529b4d41/sentence_bert_config.json "HTTP/1.1 200 OK"
2026-07-01 01:08:25,066|INFO|HTTP Request: HEAD https://huggingface.co/sentence-transformers/all-MiniLM-L6-v2/resolve/main/adapter_config.json "HTTP/1.1 404 Not Found"
2026-07-01 01:08:25,352|INFO|HTTP Request: HEAD https://huggingface.co/sentence-transformers/all-MiniLM-L6-v2/resolve/main/config.json "HTTP/1.1 307 Temporary Redirect"
2026-07-01 01:08:25,364|INFO|HTTP Request: HEAD https://huggingface.co/api/resolve-cache/models/sentence-transformers/all-MiniLM-L6-v2/1110a243fdf4706b3f48f1d95db1a4f5529b4d41/config.json "HTTP/1.1 200 OK"
2026-07-01 01:08:25,866|INFO|HTTP Request: HEAD https://huggingface.co/sentence-transformers/all-MiniLM-L6-v2/resolve/main/processor_config.json "HTTP/1.1 404 Not Found"
2026-07-01 01:08:26,098|INFO|HTTP Request: HEAD https://huggingface.co/sentence-transformers/all-MiniLM-L6-v2/resolve/main/preprocessor_config.json "HTTP/1.1 404 Not Found"
2026-07-01 01:08:26,328|INFO|HTTP Request: HEAD https://huggingface.co/sentence-transformers/all-MiniLM-L6-v2/resolve/main/video_preprocessor_config.json "HTTP/1.1 404 Not Found"
2026-07-01 01:08:26,574|INFO|HTTP Request: HEAD https://huggingface.co/sentence-transformers/all-MiniLM-L6-v2/resolve/main/preprocessor_config.json "HTTP/1.1 404 Not Found"
2026-07-01 01:08:26,803|INFO|HTTP Request: HEAD https://huggingface.co/sentence-transformers/all-MiniLM-L6-v2/resolve/main/tokenizer_config.json "HTTP/1.1 307 Temporary Redirect"
2026-07-01 01:08:26,819|INFO|HTTP Request: HEAD https://huggingface.co/api/resolve-cache/models/sentence-transformers/all-MiniLM-L6-v2/1110a243fdf4706b3f48f1d95db1a4f5529b4d41/tokenizer_config.json "HTTP/1.1 200 OK"
2026-07-01 01:08:27,048|INFO|HTTP Request: HEAD https://huggingface.co/sentence-transformers/all-MiniLM-L6-v2/resolve/main/config.json "HTTP/1.1 307 Temporary Redirect"
2026-07-01 01:08:27,061|INFO|HTTP Request: HEAD https://huggingface.co/api/resolve-cache/models/sentence-transformers/all-MiniLM-L6-v2/1110a243fdf4706b3f48f1d95db1a4f5529b4d41/config.json "HTTP/1.1 200 OK"
2026-07-01 01:08:27,312|INFO|HTTP Request: HEAD https://huggingface.co/sentence-transformers/all-MiniLM-L6-v2/resolve/main/config.json "HTTP/1.1 307 Temporary Redirect"
2026-07-01 01:08:27,324|INFO|HTTP Request: HEAD https://huggingface.co/api/resolve-cache/models/sentence-transformers/all-MiniLM-L6-v2/1110a243fdf4706b3f48f1d95db1a4f5529b4d41/config.json "HTTP/1.1 200 OK"
2026-07-01 01:08:27,564|INFO|HTTP Request: HEAD https://huggingface.co/sentence-transformers/all-MiniLM-L6-v2/resolve/main/tokenizer_config.json "HTTP/1.1 307 Temporary Redirect"
2026-07-01 01:08:27,584|INFO|HTTP Request: HEAD https://huggingface.co/api/resolve-cache/models/sentence-transformers/all-MiniLM-L6-v2/1110a243fdf4706b3f48f1d95db1a4f5529b4d41/tokenizer_config.json "HTTP/1.1 200 OK"
2026-07-01 01:08:27,826|INFO|HTTP Request: GET https://huggingface.co/api/models/sentence-transformers/all-MiniLM-L6-v2/tree/main/additional_chat_templates?recursive=false&expand=false "HTTP/1.1 404 Not Found"
2026-07-01 01:08:28,056|INFO|HTTP Request: GET https://huggingface.co/api/models/sentence-transformers/all-MiniLM-L6-v2/tree/main?recursive=true&expand=false "HTTP/1.1 200 OK"
2026-07-01 01:08:28,357|INFO|HTTP Request: HEAD https://huggingface.co/sentence-transformers/all-MiniLM-L6-v2/resolve/main/1_Pooling/config.json "HTTP/1.1 307 Temporary Redirect"
2026-07-01 01:08:28,370|INFO|HTTP Request: HEAD https://huggingface.co/api/resolve-cache/models/sentence-transformers/all-MiniLM-L6-v2/1110a243fdf4706b3f48f1d95db1a4f5529b4d41/1_Pooling%2Fconfig.json "HTTP/1.1 200 OK"
2026-07-01 01:08:28,604|INFO|HTTP Request: GET https://huggingface.co/api/models/sentence-transformers/all-MiniLM-L6-v2 "HTTP/1.1 200 OK"
2026-07-01 01:14:56,110|INFO|No device provided, using cpu
2026-07-01 01:14:57,252|INFO|HTTP Request: HEAD https://huggingface.co/sentence-transformers/all-MiniLM-L6-v2/resolve/main/modules.json "HTTP/1.1 307 Temporary Redirect"
2026-07-01 01:14:57,265|INFO|HTTP Request: HEAD https://huggingface.co/api/resolve-cache/models/sentence-transformers/all-MiniLM-L6-v2/1110a243fdf4706b3f48f1d95db1a4f5529b4d41/modules.json "HTTP/1.1 200 OK"
2026-07-01 01:14:57,493|INFO|HTTP Request: HEAD https://huggingface.co/sentence-transformers/all-MiniLM-L6-v2/resolve/main/config_sentence_transformers.json "HTTP/1.1 307 Temporary Redirect"
2026-07-01 01:14:57,495|WARNING|Warning: You are sending unauthenticated requests to the HF Hub. Please set a HF_TOKEN to enable higher rate limits and faster downloads.
2026-07-01 01:14:57,511|INFO|HTTP Request: HEAD https://huggingface.co/api/resolve-cache/models/sentence-transformers/all-MiniLM-L6-v2/1110a243fdf4706b3f48f1d95db1a4f5529b4d41/config_sentence_transformers.json "HTTP/1.1 200 OK"
2026-07-01 01:14:57,516|INFO|Loading SentenceTransformer model from sentence-transformers/all-MiniLM-L6-v2.
2026-07-01 01:14:57,742|INFO|HTTP Request: HEAD https://huggingface.co/sentence-transformers/all-MiniLM-L6-v2/resolve/main/config_sentence_transformers.json "HTTP/1.1 307 Temporary Redirect"
2026-07-01 01:14:57,752|INFO|HTTP Request: HEAD https://huggingface.co/api/resolve-cache/models/sentence-transformers/all-MiniLM-L6-v2/1110a243fdf4706b3f48f1d95db1a4f5529b4d41/config_sentence_transformers.json "HTTP/1.1 200 OK"
2026-07-01 01:14:57,977|INFO|HTTP Request: HEAD https://huggingface.co/sentence-transformers/all-MiniLM-L6-v2/resolve/main/README.md "HTTP/1.1 307 Temporary Redirect"
2026-07-01 01:14:57,990|INFO|HTTP Request: HEAD https://huggingface.co/api/resolve-cache/models/sentence-transformers/all-MiniLM-L6-v2/1110a243fdf4706b3f48f1d95db1a4f5529b4d41/README.md "HTTP/1.1 200 OK"
2026-07-01 01:14:58,218|INFO|HTTP Request: HEAD https://huggingface.co/sentence-transformers/all-MiniLM-L6-v2/resolve/main/modules.json "HTTP/1.1 307 Temporary Redirect"
2026-07-01 01:14:58,231|INFO|HTTP Request: HEAD https://huggingface.co/api/resolve-cache/models/sentence-transformers/all-MiniLM-L6-v2/1110a243fdf4706b3f48f1d95db1a4f5529b4d41/modules.json "HTTP/1.1 200 OK"
2026-07-01 01:14:58,478|INFO|HTTP Request: HEAD https://huggingface.co/sentence-transformers/all-MiniLM-L6-v2/resolve/main/sentence_bert_config.json "HTTP/1.1 307 Temporary Redirect"
2026-07-01 01:14:58,489|INFO|HTTP Request: HEAD https://huggingface.co/api/resolve-cache/models/sentence-transformers/all-MiniLM-L6-v2/1110a243fdf4706b3f48f1d95db1a4f5529b4d41/sentence_bert_config.json "HTTP/1.1 200 OK"
2026-07-01 01:14:58,725|INFO|HTTP Request: HEAD https://huggingface.co/sentence-transformers/all-MiniLM-L6-v2/resolve/main/adapter_config.json "HTTP/1.1 404 Not Found"
2026-07-01 01:14:58,951|INFO|HTTP Request: HEAD https://huggingface.co/sentence-transformers/all-MiniLM-L6-v2/resolve/main/config.json "HTTP/1.1 307 Temporary Redirect"
2026-07-01 01:14:58,963|INFO|HTTP Request: HEAD https://huggingface.co/api/resolve-cache/models/sentence-transformers/all-MiniLM-L6-v2/1110a243fdf4706b3f48f1d95db1a4f5529b4d41/config.json "HTTP/1.1 200 OK"
2026-07-01 01:14:59,389|INFO|HTTP Request: HEAD https://huggingface.co/sentence-transformers/all-MiniLM-L6-v2/resolve/main/processor_config.json "HTTP/1.1 404 Not Found"
2026-07-01 01:14:59,614|INFO|HTTP Request: HEAD https://huggingface.co/sentence-transformers/all-MiniLM-L6-v2/resolve/main/preprocessor_config.json "HTTP/1.1 404 Not Found"
2026-07-01 01:14:59,844|INFO|HTTP Request: HEAD https://huggingface.co/sentence-transformers/all-MiniLM-L6-v2/resolve/main/video_preprocessor_config.json "HTTP/1.1 404 Not Found"
2026-07-01 01:15:00,092|INFO|HTTP Request: HEAD https://huggingface.co/sentence-transformers/all-MiniLM-L6-v2/resolve/main/preprocessor_config.json "HTTP/1.1 404 Not Found"
2026-07-01 01:15:00,364|INFO|HTTP Request: HEAD https://huggingface.co/sentence-transformers/all-MiniLM-L6-v2/resolve/main/tokenizer_config.json "HTTP/1.1 307 Temporary Redirect"
2026-07-01 01:15:00,376|INFO|HTTP Request: HEAD https://huggingface.co/api/resolve-cache/models/sentence-transformers/all-MiniLM-L6-v2/1110a243fdf4706b3f48f1d95db1a4f5529b4d41/tokenizer_config.json "HTTP/1.1 200 OK"
2026-07-01 01:15:00,612|INFO|HTTP Request: HEAD https://huggingface.co/sentence-transformers/all-MiniLM-L6-v2/resolve/main/config.json "HTTP/1.1 307 Temporary Redirect"
2026-07-01 01:15:00,622|INFO|HTTP Request: HEAD https://huggingface.co/api/resolve-cache/models/sentence-transformers/all-MiniLM-L6-v2/1110a243fdf4706b3f48f1d95db1a4f5529b4d41/config.json "HTTP/1.1 200 OK"
2026-07-01 01:15:00,853|INFO|HTTP Request: HEAD https://huggingface.co/sentence-transformers/all-MiniLM-L6-v2/resolve/main/config.json "HTTP/1.1 307 Temporary Redirect"
2026-07-01 01:15:00,867|INFO|HTTP Request: HEAD https://huggingface.co/api/resolve-cache/models/sentence-transformers/all-MiniLM-L6-v2/1110a243fdf4706b3f48f1d95db1a4f5529b4d41/config.json "HTTP/1.1 200 OK"
2026-07-01 01:15:01,098|INFO|HTTP Request: HEAD https://huggingface.co/sentence-transformers/all-MiniLM-L6-v2/resolve/main/tokenizer_config.json "HTTP/1.1 307 Temporary Redirect"
2026-07-01 01:15:01,112|INFO|HTTP Request: HEAD https://huggingface.co/api/resolve-cache/models/sentence-transformers/all-MiniLM-L6-v2/1110a243fdf4706b3f48f1d95db1a4f5529b4d41/tokenizer_config.json "HTTP/1.1 200 OK"
2026-07-01 01:15:01,357|INFO|HTTP Request: GET https://huggingface.co/api/models/sentence-transformers/all-MiniLM-L6-v2/tree/main/additional_chat_templates?recursive=false&expand=false "HTTP/1.1 404 Not Found"
2026-07-01 01:15:01,618|INFO|HTTP Request: GET https://huggingface.co/api/models/sentence-transformers/all-MiniLM-L6-v2/tree/main?recursive=true&expand=false "HTTP/1.1 200 OK"
2026-07-01 01:15:01,927|INFO|HTTP Request: HEAD https://huggingface.co/sentence-transformers/all-MiniLM-L6-v2/resolve/main/1_Pooling/config.json "HTTP/1.1 307 Temporary Redirect"
2026-07-01 01:15:01,943|INFO|HTTP Request: HEAD https://huggingface.co/api/resolve-cache/models/sentence-transformers/all-MiniLM-L6-v2/1110a243fdf4706b3f48f1d95db1a4f5529b4d41/1_Pooling%2Fconfig.json "HTTP/1.1 200 OK"
2026-07-01 01:15:02,175|INFO|HTTP Request: GET https://huggingface.co/api/models/sentence-transformers/all-MiniLM-L6-v2 "HTTP/1.1 200 OK"
2026-07-01 01:15:15,191|INFO|No device provided, using cpu
2026-07-01 01:15:15,966|INFO|HTTP Request: HEAD https://huggingface.co/sentence-transformers/all-MiniLM-L6-v2/resolve/main/modules.json "HTTP/1.1 307 Temporary Redirect"
2026-07-01 01:15:15,967|WARNING|Warning: You are sending unauthenticated requests to the HF Hub. Please set a HF_TOKEN to enable higher rate limits and faster downloads.
2026-07-01 01:15:15,979|INFO|HTTP Request: HEAD https://huggingface.co/api/resolve-cache/models/sentence-transformers/all-MiniLM-L6-v2/1110a243fdf4706b3f48f1d95db1a4f5529b4d41/modules.json "HTTP/1.1 200 OK"
2026-07-01 01:15:16,212|INFO|HTTP Request: HEAD https://huggingface.co/sentence-transformers/all-MiniLM-L6-v2/resolve/main/config_sentence_transformers.json "HTTP/1.1 307 Temporary Redirect"
2026-07-01 01:15:16,226|INFO|HTTP Request: HEAD https://huggingface.co/api/resolve-cache/models/sentence-transformers/all-MiniLM-L6-v2/1110a243fdf4706b3f48f1d95db1a4f5529b4d41/config_sentence_transformers.json "HTTP/1.1 200 OK"
2026-07-01 01:15:16,229|INFO|Loading SentenceTransformer model from sentence-transformers/all-MiniLM-L6-v2.
2026-07-01 01:15:16,459|INFO|HTTP Request: HEAD https://huggingface.co/sentence-transformers/all-MiniLM-L6-v2/resolve/main/config_sentence_transformers.json "HTTP/1.1 307 Temporary Redirect"
2026-07-01 01:15:16,471|INFO|HTTP Request: HEAD https://huggingface.co/api/resolve-cache/models/sentence-transformers/all-MiniLM-L6-v2/1110a243fdf4706b3f48f1d95db1a4f5529b4d41/config_sentence_transformers.json "HTTP/1.1 200 OK"
2026-07-01 01:15:16,699|INFO|HTTP Request: HEAD https://huggingface.co/sentence-transformers/all-MiniLM-L6-v2/resolve/main/README.md "HTTP/1.1 307 Temporary Redirect"
2026-07-01 01:15:16,715|INFO|HTTP Request: HEAD https://huggingface.co/api/resolve-cache/models/sentence-transformers/all-MiniLM-L6-v2/1110a243fdf4706b3f48f1d95db1a4f5529b4d41/README.md "HTTP/1.1 200 OK"
2026-07-01 01:15:16,964|INFO|HTTP Request: HEAD https://huggingface.co/sentence-transformers/all-MiniLM-L6-v2/resolve/main/modules.json "HTTP/1.1 307 Temporary Redirect"
2026-07-01 01:15:16,976|INFO|HTTP Request: HEAD https://huggingface.co/api/resolve-cache/models/sentence-transformers/all-MiniLM-L6-v2/1110a243fdf4706b3f48f1d95db1a4f5529b4d41/modules.json "HTTP/1.1 200 OK"
2026-07-01 01:15:17,206|INFO|HTTP Request: HEAD https://huggingface.co/sentence-transformers/all-MiniLM-L6-v2/resolve/main/sentence_bert_config.json "HTTP/1.1 307 Temporary Redirect"
2026-07-01 01:15:17,218|INFO|HTTP Request: HEAD https://huggingface.co/api/resolve-cache/models/sentence-transformers/all-MiniLM-L6-v2/1110a243fdf4706b3f48f1d95db1a4f5529b4d41/sentence_bert_config.json "HTTP/1.1 200 OK"
2026-07-01 01:15:17,465|INFO|HTTP Request: HEAD https://huggingface.co/sentence-transformers/all-MiniLM-L6-v2/resolve/main/adapter_config.json "HTTP/1.1 404 Not Found"
2026-07-01 01:15:17,726|INFO|HTTP Request: HEAD https://huggingface.co/sentence-transformers/all-MiniLM-L6-v2/resolve/main/config.json "HTTP/1.1 307 Temporary Redirect"
2026-07-01 01:15:17,737|INFO|HTTP Request: HEAD https://huggingface.co/api/resolve-cache/models/sentence-transformers/all-MiniLM-L6-v2/1110a243fdf4706b3f48f1d95db1a4f5529b4d41/config.json "HTTP/1.1 200 OK"
2026-07-01 01:15:18,120|INFO|HTTP Request: HEAD https://huggingface.co/sentence-transformers/all-MiniLM-L6-v2/resolve/main/processor_config.json "HTTP/1.1 404 Not Found"
2026-07-01 01:15:18,355|INFO|HTTP Request: HEAD https://huggingface.co/sentence-transformers/all-MiniLM-L6-v2/resolve/main/preprocessor_config.json "HTTP/1.1 404 Not Found"
2026-07-01 01:15:18,607|INFO|HTTP Request: HEAD https://huggingface.co/sentence-transformers/all-MiniLM-L6-v2/resolve/main/video_preprocessor_config.json "HTTP/1.1 404 Not Found"
2026-07-01 01:15:18,857|INFO|HTTP Request: HEAD https://huggingface.co/sentence-transformers/all-MiniLM-L6-v2/resolve/main/preprocessor_config.json "HTTP/1.1 404 Not Found"
2026-07-01 01:15:19,084|INFO|HTTP Request: HEAD https://huggingface.co/sentence-transformers/all-MiniLM-L6-v2/resolve/main/tokenizer_config.json "HTTP/1.1 307 Temporary Redirect"
2026-07-01 01:15:19,095|INFO|HTTP Request: HEAD https://huggingface.co/api/resolve-cache/models/sentence-transformers/all-MiniLM-L6-v2/1110a243fdf4706b3f48f1d95db1a4f5529b4d41/tokenizer_config.json "HTTP/1.1 200 OK"
2026-07-01 01:15:19,323|INFO|HTTP Request: HEAD https://huggingface.co/sentence-transformers/all-MiniLM-L6-v2/resolve/main/config.json "HTTP/1.1 307 Temporary Redirect"
2026-07-01 01:15:19,338|INFO|HTTP Request: HEAD https://huggingface.co/api/resolve-cache/models/sentence-transformers/all-MiniLM-L6-v2/1110a243fdf4706b3f48f1d95db1a4f5529b4d41/config.json "HTTP/1.1 200 OK"
2026-07-01 01:15:19,571|INFO|HTTP Request: HEAD https://huggingface.co/sentence-transformers/all-MiniLM-L6-v2/resolve/main/config.json "HTTP/1.1 307 Temporary Redirect"
2026-07-01 01:15:19,587|INFO|HTTP Request: HEAD https://huggingface.co/api/resolve-cache/models/sentence-transformers/all-MiniLM-L6-v2/1110a243fdf4706b3f48f1d95db1a4f5529b4d41/config.json "HTTP/1.1 200 OK"
2026-07-01 01:15:19,826|INFO|HTTP Request: HEAD https://huggingface.co/sentence-transformers/all-MiniLM-L6-v2/resolve/main/tokenizer_config.json "HTTP/1.1 307 Temporary Redirect"
2026-07-01 01:15:19,838|INFO|HTTP Request: HEAD https://huggingface.co/api/resolve-cache/models/sentence-transformers/all-MiniLM-L6-v2/1110a243fdf4706b3f48f1d95db1a4f5529b4d41/tokenizer_config.json "HTTP/1.1 200 OK"
2026-07-01 01:15:20,072|INFO|HTTP Request: GET https://huggingface.co/api/models/sentence-transformers/all-MiniLM-L6-v2/tree/main/additional_chat_templates?recursive=false&expand=false "HTTP/1.1 404 Not Found"
2026-07-01 01:15:20,311|INFO|HTTP Request: GET https://huggingface.co/api/models/sentence-transformers/all-MiniLM-L6-v2/tree/main?recursive=true&expand=false "HTTP/1.1 200 OK"
2026-07-01 01:15:20,599|INFO|HTTP Request: HEAD https://huggingface.co/sentence-transformers/all-MiniLM-L6-v2/resolve/main/1_Pooling/config.json "HTTP/1.1 307 Temporary Redirect"
2026-07-01 01:15:20,636|INFO|HTTP Request: HEAD https://huggingface.co/api/resolve-cache/models/sentence-transformers/all-MiniLM-L6-v2/1110a243fdf4706b3f48f1d95db1a4f5529b4d41/1_Pooling%2Fconfig.json "HTTP/1.1 200 OK"
2026-07-01 01:15:20,879|INFO|HTTP Request: GET https://huggingface.co/api/models/sentence-transformers/all-MiniLM-L6-v2 "HTTP/1.1 200 OK"
2026-07-01 10:53:17,409|INFO|HTTP Request: POST http://localhost:11434/api/chat "HTTP/1.1 200 OK"
2026-07-01 11:06:14,455|INFO|HTTP Request: POST http://localhost:11434/api/chat "HTTP/1.1 200 OK"
2026-07-01 11:15:41,187|INFO|HTTP Request: POST http://localhost:11434/api/chat "HTTP/1.1 200 OK"
2026-07-01 22:00:47,506|INFO|HTTP Request: POST http://localhost:11434/api/chat "HTTP/1.1 200 OK"
2026-07-01 22:01:20,084|INFO|HTTP Request: POST http://localhost:11434/api/chat "HTTP/1.1 200 OK"
2026-07-01 22:01:53,255|INFO|HTTP Request: POST http://localhost:11434/api/chat "HTTP/1.1 200 OK"
2026-07-01 22:04:21,334|INFO|Uploaded: AnanyaSoni_Resume__20260701_220421.pdf
2026-07-01 22:05:23,571|INFO|HTTP Request: POST http://localhost:11434/api/chat "HTTP/1.1 200 OK"
2026-07-01 22:09:23,380|INFO|Uploaded: AnanyaSoni_Resume_2_20260701_220923.pdf
2026-07-01 22:13:50,260|INFO|Uploaded: AnanyaSoni_Resume__20260701_221350.pdf
2026-07-01 22:13:50,515|INFO|Chunks created: 7
2026-07-01 22:14:30,065|INFO|HTTP Request: POST http://localhost:11434/api/chat "HTTP/1.1 200 OK"
2026-07-01 22:14:55,079|INFO|HTTP Request: POST http://localhost:11434/api/chat "HTTP/1.1 200 OK"
2026-07-01 22:15:56,636|INFO|HTTP Request: POST http://localhost:11434/api/chat "HTTP/1.1 200 OK"
2026-07-01 22:16:59,324|INFO|HTTP Request: POST http://localhost:11434/api/chat "HTTP/1.1 200 OK"
2026-07-01 22:17:33,387|INFO|HTTP Request: POST http://localhost:11434/api/chat "HTTP/1.1 200 OK"
2026-07-01 22:34:36,616|INFO|Uploaded: Resume_Ajitesh_Rajput2_20260701_223436.pdf
2026-07-01 22:34:37,062|INFO|Chunks created: 6
2026-07-01 22:45:32,912|INFO|HTTP Request: POST http://localhost:11434/api/chat "HTTP/1.1 200 OK"
2026-07-01 22:46:25,757|INFO|HTTP Request: POST http://localhost:11434/api/chat "HTTP/1.1 200 OK"
2026-07-01 22:49:22,012|INFO|HTTP Request: POST http://localhost:11434/api/chat "HTTP/1.1 200 OK"
2026-07-01 22:52:54,869|INFO|HTTP Request: POST http://localhost:11434/api/chat "HTTP/1.1 200 OK"
2026-07-01 23:07:24,109|INFO|HTTP Request: POST http://localhost:11434/api/chat "HTTP/1.1 200 OK"
2026-07-01 23:07:49,005|INFO|HTTP Request: POST http://localhost:11434/api/chat "HTTP/1.1 200 OK"
2026-07-01 23:59:18,491|INFO|HTTP Request: POST http://localhost:11434/api/chat "HTTP/1.1 200 OK"
2026-07-02 00:00:22,197|INFO|HTTP Request: POST http://localhost:11434/api/chat "HTTP/1.1 200 OK"
2026-07-02 12:34:06,087|INFO|HTTP Request: POST http://localhost:11434/api/chat "HTTP/1.1 200 OK"
2026-07-02 12:37:44,075|INFO|HTTP Request: POST http://localhost:11434/api/chat "HTTP/1.1 200 OK"
2026-07-02 12:43:45,454|INFO|HTTP Request: POST http://localhost:11434/api/chat "HTTP/1.1 200 OK"
2026-07-02 16:57:41,178|INFO|HTTP Request: POST http://localhost:11434/api/chat "HTTP/1.1 200 OK"
2026-07-02 16:58:04,093|INFO|Uploaded: AnanyaSoni_Resume__20260702_165804.pdf
2026-07-02 16:58:04,391|INFO|Chunks created: 7
2026-07-02 16:58:16,953|INFO|Uploaded: Resume_Ajitesh_Rajput2_20260702_165816.pdf
2026-07-02 16:58:17,132|INFO|Chunks created: 6
2026-07-02 16:58:41,993|INFO|HTTP Request: POST http://localhost:11434/api/chat "HTTP/1.1 200 OK"
2026-07-02 17:56:02,161|INFO|Uploaded: AnanyaSoni_Resume__20260702_175602.pdf
2026-07-02 17:56:02,970|INFO|Chunks created: 7
2026-07-02 17:56:45,797|INFO|HTTP Request: POST http://localhost:11434/api/chat "HTTP/1.1 200 OK"
2026-07-02 18:32:21,092|INFO|HTTP Request: POST http://localhost:11434/api/chat "HTTP/1.1 200 OK"
2026-07-02 18:37:34,413|INFO|HTTP Request: POST http://localhost:11434/api/chat "HTTP/1.1 200 OK"
2026-07-02 18:51:48,239|INFO|HTTP Request: POST http://localhost:11434/api/chat "HTTP/1.1 200 OK"
2026-07-02 19:54:54,103|INFO|Uploaded: AnanyaSoni_Resume__20260702_195454.pdf
2026-07-02 19:54:55,201|INFO|Chunks created: 7
2026-07-02 20:06:18,999|INFO|Uploaded: AnanyaSoni_Resume__20260702_200618.pdf
2026-07-02 20:06:20,051|INFO|Chunks created: 7
2026-07-02 22:00:59,387|INFO|Uploaded: Resume_Ajitesh_Rajput2_20260702_220059.pdf
2026-07-02 22:01:00,489|INFO|Chunks created: 6
2026-07-02 22:14:51,811|INFO|HTTP Request: POST http://localhost:11434/api/chat "HTTP/1.1 200 OK"
2026-07-02 22:54:01,875|INFO|HTTP Request: POST http://localhost:11434/api/chat "HTTP/1.1 200 OK"
2026-07-02 22:56:20,275|INFO|HTTP Request: POST http://localhost:11434/api/chat "HTTP/1.1 200 OK"
2026-07-02 22:57:19,422|INFO|HTTP Request: POST http://localhost:11434/api/chat "HTTP/1.1 200 OK"
2026-07-02 23:02:11,453|INFO|HTTP Request: POST http://localhost:11434/api/chat "HTTP/1.1 200 OK"
2026-07-02 23:03:36,687|INFO|HTTP Request: POST http://localhost:11434/api/chat "HTTP/1.1 200 OK"
2026-07-02 23:11:32,666|INFO|HTTP Request: POST http://localhost:11434/api/chat "HTTP/1.1 200 OK"
2026-07-02 23:19:53,848|INFO|HTTP Request: POST http://localhost:11434/api/chat "HTTP/1.1 200 OK"
2026-07-02 23:20:27,131|INFO|HTTP Request: POST http://localhost:11434/api/chat "HTTP/1.1 200 OK"
2026-07-03 00:15:57,707|INFO|Uploaded: AnanyaSoni_Resume__20260703_001557.pdf
2026-07-03 00:15:58,820|INFO|Chunks created: 7
2026-07-03 00:16:06,630|INFO|Uploaded: Resume_Ajitesh_Rajput2_20260703_001606.pdf
2026-07-03 00:16:07,149|INFO|Chunks created: 6
2026-07-03 00:16:42,868|INFO|HTTP Request: POST http://localhost:11434/api/chat "HTTP/1.1 200 OK"
2026-07-03 00:46:02,443|INFO|HTTP Request: POST http://localhost:11434/api/chat "HTTP/1.1 200 OK"
2026-07-03 00:46:59,329|INFO|HTTP Request: POST http://localhost:11434/api/chat "HTTP/1.1 200 OK"
2026-07-03 00:51:47,898|INFO|HTTP Request: POST http://localhost:11434/api/chat "HTTP/1.1 200 OK"
2026-07-03 00:52:28,909|INFO|HTTP Request: POST http://localhost:11434/api/chat "HTTP/1.1 200 OK"
2026-07-03 00:57:43,365|INFO|HTTP Request: POST http://localhost:11434/api/chat "HTTP/1.1 200 OK"
2026-07-03 01:27:45,715|INFO|HTTP Request: POST http://localhost:11434/api/chat "HTTP/1.1 200 OK"
2026-07-03 01:39:18,179|INFO|HTTP Request: POST http://localhost:11434/api/chat "HTTP/1.1 200 OK"
2026-07-03 01:39:59,294|INFO|HTTP Request: POST http://localhost:11434/api/chat "HTTP/1.1 200 OK"
2026-07-03 01:40:35,577|INFO|HTTP Request: POST http://localhost:11434/api/chat "HTTP/1.1 200 OK"
2026-07-03 01:41:04,135|INFO|HTTP Request: POST http://localhost:11434/api/chat "HTTP/1.1 200 OK"
2026-07-03 01:41:49,946|INFO|HTTP Request: POST http://localhost:11434/api/chat "HTTP/1.1 200 OK"
2026-07-03 01:43:02,523|INFO|HTTP Request: POST http://localhost:11434/api/chat "HTTP/1.1 200 OK"
2026-07-03 01:51:24,008|INFO|HTTP Request: POST http://localhost:11434/api/chat "HTTP/1.1 200 OK"
2026-07-03 01:52:22,283|INFO|HTTP Request: POST http://localhost:11434/api/chat "HTTP/1.1 200 OK"
2026-07-03 01:54:15,232|INFO|HTTP Request: POST http://localhost:11434/api/chat "HTTP/1.1 200 OK"
2026-07-03 01:55:56,599|INFO|HTTP Request: POST http://localhost:11434/api/chat "HTTP/1.1 200 OK"
2026-07-03 02:06:32,479|INFO|HTTP Request: POST http://localhost:11434/api/chat "HTTP/1.1 200 OK"
2026-07-03 02:07:06,156|INFO|HTTP Request: POST http://localhost:11434/api/chat "HTTP/1.1 200 OK"
2026-07-03 02:09:21,231|INFO|HTTP Request: POST http://localhost:11434/api/chat "HTTP/1.1 200 OK"
2026-07-03 02:14:28,043|INFO|HTTP Request: POST http://localhost:11434/api/chat "HTTP/1.1 200 OK"
2026-07-03 02:18:25,962|INFO|HTTP Request: POST http://localhost:11434/api/chat "HTTP/1.1 200 OK"
2026-07-03 02:19:26,937|INFO|HTTP Request: POST http://localhost:11434/api/chat "HTTP/1.1 200 OK"
2026-07-03 02:23:56,506|INFO|HTTP Request: POST http://localhost:11434/api/chat "HTTP/1.1 200 OK"
2026-07-03 02:25:04,635|INFO|HTTP Request: POST http://localhost:11434/api/chat "HTTP/1.1 200 OK"
2026-07-03 11:32:37,606|INFO|HTTP Request: POST http://localhost:11434/api/chat "HTTP/1.1 200 OK"
2026-07-03 12:40:17,715|INFO|HTTP Request: POST http://localhost:11434/api/chat "HTTP/1.1 200 OK"
2026-07-03 13:46:51,451|INFO|HTTP Request: POST http://localhost:11434/api/chat "HTTP/1.1 200 OK"
2026-07-03 13:49:16,972|INFO|HTTP Request: POST http://localhost:11434/api/chat "HTTP/1.1 200 OK"
2026-07-03 13:54:39,655|INFO|HTTP Request: POST http://localhost:11434/api/chat "HTTP/1.1 200 OK"
2026-07-03 13:55:16,457|INFO|HTTP Request: POST http://localhost:11434/api/chat "HTTP/1.1 200 OK"
2026-07-03 13:56:16,039|INFO|HTTP Request: POST http://localhost:11434/api/chat "HTTP/1.1 200 OK"
2026-07-03 13:57:39,264|INFO|HTTP Request: POST http://localhost:11434/api/chat "HTTP/1.1 200 OK"
